{
  "BytecodeVersion": 17,
  "ConfigurationName": "Default",
  "DisplayName": "DELTARUNE Chapter 1",
  "IsDebuggerDisabled": true,
  "IsGameMaker2": true,
  "IsUnsupportedBytecodeVersion": false,
  "IsYYC": false,
  "ItemCounts": {
    "AudioGroups": 2,
    "Backgrounds": 59,
    "Code": 1572,
    "CodeLocals": 1264,
    "EmbeddedAudio": 56,
    "EmbeddedImages": 1,
    "EmbeddedTextures": 9,
    "Extensions": 0,
    "Fonts": 12,
    "Functions": 618,
    "GameObjects": 348,
    "GlobalInitScripts": 296,
    "ParticleSystemEmitters": 0,
    "ParticleSystems": 0,
    "Paths": 0,
    "Rooms": 147,
    "Scripts": 601,
    "Shaders": 0,
    "Sounds": 151,
    "Sprites": 1074,
    "Strings": 13746,
    "TextureGroupInfo": 3,
    "TexturePageItems": 2990,
    "Timelines": 0,
    "Variables": 4947,
  },
  "ProjectName": "DELTARUNE",
  "Version": {
    "Build": 0,
    "Major": 2023,
    "Minor": 6,
    "Release": 0,
  },
}