{
  "BytecodeVersion": 17,
  "ConfigurationName": "Default",
  "DisplayName": "UNDERTALE 10th Anniversary",
  "IsDebuggerDisabled": true,
  "IsGameMaker2": true,
  "IsUnsupportedBytecodeVersion": false,
  "IsYYC": false,
  "ItemCounts": {
    "AudioGroups": 1,
    "Backgrounds": 0,
    "Code": 366,
    "CodeLocals": 0,
    "EmbeddedAudio": 31,
    "EmbeddedImages": 1,
    "EmbeddedTextures": 2,
    "Extensions": 0,
    "Fonts": 7,
    "Functions": 298,
    "GameObjects": 68,
    "GlobalInitScripts": 47,
    "ParticleSystemEmitters": 0,
    "ParticleSystems": 0,
    "Paths": 0,
    "Rooms": 6,
    "Scripts": 180,
    "Shaders": 3,
    "Sounds": 31,
    "Sprites": 127,
    "Strings": 2079,
    "TextureGroupInfo": 2,
    "TexturePageItems": 406,
    "Timelines": 0,
    "Variables": 1251,
  },
  "ProjectName": "Undertale10_BattleBrowser",
  "Version": {
    "Build": 0,
    "Major": 2024,
    "Minor": 14,
    "Release": 0,
  },
}