{
  "BytecodeVersion": 17,
  "ConfigurationName": "Default",
  "DisplayName": "Undertale Yellow",
  "IsDebuggerDisabled": true,
  "IsGameMaker2": true,
  "IsUnsupportedBytecodeVersion": false,
  "IsYYC": false,
  "ItemCounts": {
    "AudioGroups": 1,
    "Backgrounds": 112,
    "Code": 12192,
    "CodeLocals": 11002,
    "EmbeddedAudio": 448,
    "EmbeddedImages": 15,
    "EmbeddedTextures": 83,
    "Extensions": 0,
    "Fonts": 11,
    "Functions": 1773,
    "GameObjects": 3226,
    "GlobalInitScripts": 1160,
    "ParticleSystemEmitters": 3,
    "ParticleSystems": 3,
    "Paths": 68,
    "Rooms": 287,
    "Scripts": 2345,
    "Shaders": 26,
    "Sounds": 673,
    "Sprites": 3804,
    "Strings": 45223,
    "TextureGroupInfo": 31,
    "TexturePageItems": 18737,
    "Timelines": 0,
    "Variables": 23649,
  },
  "ProjectName": "Undertale_Yellow",
  "Version": {
    "Build": 0,
    "Major": 2023,
    "Minor": 4,
    "Release": 0,
  },
}